Archive member included to satisfy reference by file (symbol)

/app/stm32cubeide/plugins/com.st.stm32cube.ide.mcu.externaltools.gnu-tools-for-stm32.10.3-2021.10.linux64_1.0.0.202111181127/tools/bin/../lib/gcc/arm-none-eabi/10.3.1/../../../../arm-none-eabi/lib/thumb/v7e-m+fp/hard/libc_nano.a(lib_a-errno.o)
                              ./Core/Src/syscalls.o (__errno)
/app/stm32cubeide/plugins/com.st.stm32cube.ide.mcu.externaltools.gnu-tools-for-stm32.10.3-2021.10.linux64_1.0.0.202111181127/tools/bin/../lib/gcc/arm-none-eabi/10.3.1/../../../../arm-none-eabi/lib/thumb/v7e-m+fp/hard/libc_nano.a(lib_a-exit.o)
                              /app/stm32cubeide/plugins/com.st.stm32cube.ide.mcu.externaltools.gnu-tools-for-stm32.10.3-2021.10.linux64_1.0.0.202111181127/tools/bin/../lib/gcc/arm-none-eabi/10.3.1/../../../../arm-none-eabi/lib/thumb/v7e-m+fp/hard/crt0.o (exit)
/app/stm32cubeide/plugins/com.st.stm32cube.ide.mcu.externaltools.gnu-tools-for-stm32.10.3-2021.10.linux64_1.0.0.202111181127/tools/bin/../lib/gcc/arm-none-eabi/10.3.1/../../../../arm-none-eabi/lib/thumb/v7e-m+fp/hard/libc_nano.a(lib_a-impure.o)
                              /app/stm32cubeide/plugins/com.st.stm32cube.ide.mcu.externaltools.gnu-tools-for-stm32.10.3-2021.10.linux64_1.0.0.202111181127/tools/bin/../lib/gcc/arm-none-eabi/10.3.1/../../../../arm-none-eabi/lib/thumb/v7e-m+fp/hard/libc_nano.a(lib_a-exit.o) (_global_impure_ptr)
/app/stm32cubeide/plugins/com.st.stm32cube.ide.mcu.externaltools.gnu-tools-for-stm32.10.3-2021.10.linux64_1.0.0.202111181127/tools/bin/../lib/gcc/arm-none-eabi/10.3.1/../../../../arm-none-eabi/lib/thumb/v7e-m+fp/hard/libc_nano.a(lib_a-init.o)
                              /app/stm32cubeide/plugins/com.st.stm32cube.ide.mcu.externaltools.gnu-tools-for-stm32.10.3-2021.10.linux64_1.0.0.202111181127/tools/bin/../lib/gcc/arm-none-eabi/10.3.1/../../../../arm-none-eabi/lib/thumb/v7e-m+fp/hard/crt0.o (__libc_init_array)
/app/stm32cubeide/plugins/com.st.stm32cube.ide.mcu.externaltools.gnu-tools-for-stm32.10.3-2021.10.linux64_1.0.0.202111181127/tools/bin/../lib/gcc/arm-none-eabi/10.3.1/../../../../arm-none-eabi/lib/thumb/v7e-m+fp/hard/libc_nano.a(lib_a-memcpy-stub.o)
                              ./Core/Src/can.o (memcpy)
/app/stm32cubeide/plugins/com.st.stm32cube.ide.mcu.externaltools.gnu-tools-for-stm32.10.3-2021.10.linux64_1.0.0.202111181127/tools/bin/../lib/gcc/arm-none-eabi/10.3.1/../../../../arm-none-eabi/lib/thumb/v7e-m+fp/hard/libc_nano.a(lib_a-memset.o)
                              /app/stm32cubeide/plugins/com.st.stm32cube.ide.mcu.externaltools.gnu-tools-for-stm32.10.3-2021.10.linux64_1.0.0.202111181127/tools/bin/../lib/gcc/arm-none-eabi/10.3.1/../../../../arm-none-eabi/lib/thumb/v7e-m+fp/hard/crt0.o (memset)

Discarded input sections

 .text          0x0000000000000000        0x0 /app/stm32cubeide/plugins/com.st.stm32cube.ide.mcu.externaltools.gnu-tools-for-stm32.10.3-2021.10.linux64_1.0.0.202111181127/tools/bin/../lib/gcc/arm-none-eabi/10.3.1/thumb/v7e-m+fp/hard/crti.o
 .data          0x0000000000000000        0x0 /app/stm32cubeide/plugins/com.st.stm32cube.ide.mcu.externaltools.gnu-tools-for-stm32.10.3-2021.10.linux64_1.0.0.202111181127/tools/bin/../lib/gcc/arm-none-eabi/10.3.1/thumb/v7e-m+fp/hard/crti.o
 .bss           0x0000000000000000        0x0 /app/stm32cubeide/plugins/com.st.stm32cube.ide.mcu.externaltools.gnu-tools-for-stm32.10.3-2021.10.linux64_1.0.0.202111181127/tools/bin/../lib/gcc/arm-none-eabi/10.3.1/thumb/v7e-m+fp/hard/crti.o
 .data          0x0000000000000000        0x4 /app/stm32cubeide/plugins/com.st.stm32cube.ide.mcu.externaltools.gnu-tools-for-stm32.10.3-2021.10.linux64_1.0.0.202111181127/tools/bin/../lib/gcc/arm-none-eabi/10.3.1/thumb/v7e-m+fp/hard/crtbegin.o
 .rodata        0x0000000000000000       0x24 /app/stm32cubeide/plugins/com.st.stm32cube.ide.mcu.externaltools.gnu-tools-for-stm32.10.3-2021.10.linux64_1.0.0.202111181127/tools/bin/../lib/gcc/arm-none-eabi/10.3.1/thumb/v7e-m+fp/hard/crtbegin.o
 .text          0x0000000000000000       0x7c /app/stm32cubeide/plugins/com.st.stm32cube.ide.mcu.externaltools.gnu-tools-for-stm32.10.3-2021.10.linux64_1.0.0.202111181127/tools/bin/../lib/gcc/arm-none-eabi/10.3.1/../../../../arm-none-eabi/lib/thumb/v7e-m+fp/hard/crt0.o
 .data          0x0000000000000000        0x0 /app/stm32cubeide/plugins/com.st.stm32cube.ide.mcu.externaltools.gnu-tools-for-stm32.10.3-2021.10.linux64_1.0.0.202111181127/tools/bin/../lib/gcc/arm-none-eabi/10.3.1/../../../../arm-none-eabi/lib/thumb/v7e-m+fp/hard/crt0.o
 .bss           0x0000000000000000        0x0 /app/stm32cubeide/plugins/com.st.stm32cube.ide.mcu.externaltools.gnu-tools-for-stm32.10.3-2021.10.linux64_1.0.0.202111181127/tools/bin/../lib/gcc/arm-none-eabi/10.3.1/../../../../arm-none-eabi/lib/thumb/v7e-m+fp/hard/crt0.o
[...]
Memory Configuration

Name             Origin             Length             Attributes
RAM              0x0000000020000000 0x0000000000010000 xrw
RAM2             0x0000000010000000 0x0000000000004000 xrw
FLASH            0x0000000008000000 0x0000000000040000 xr
*default*        0x0000000000000000 0xffffffffffffffff

Linker script and memory map

LOAD /app/stm32cubeide/plugins/com.st.stm32cube.ide.mcu.externaltools.gnu-tools-for-stm32.10.3-2021.10.linux64_1.0.0.202111181127/tools/bin/../lib/gcc/arm-none-eabi/10.3.1/thumb/v7e-m+fp/hard/crti.o
LOAD /app/stm32cubeide/plugins/com.st.stm32cube.ide.mcu.externaltools.gnu-tools-for-stm32.10.3-2021.10.linux64_1.0.0.202111181127/tools/bin/../lib/gcc/arm-none-eabi/10.3.1/thumb/v7e-m+fp/hard/crtbegin.o
LOAD /app/stm32cubeide/plugins/com.st.stm32cube.ide.mcu.externaltools.gnu-tools-for-stm32.10.3-2021.10.linux64_1.0.0.202111181127/tools/bin/../lib/gcc/arm-none-eabi/10.3.1/../../../../arm-none-eabi/lib/thumb/v7e-m+fp/hard/crt0.o
LOAD ./Core/Src/can.o
LOAD ./Core/Src/main.o
LOAD ./Core/Src/stm32l4xx_hal_msp.o
LOAD ./Core/Src/stm32l4xx_it.o
LOAD ./Core/Src/syscalls.o
LOAD ./Core/Src/sysmem.o
LOAD ./Core/Src/system_stm32l4xx.o
LOAD ./Core/Startup/startup_stm32l432kcux.o
LOAD ./Drivers/STM32L4xx_HAL_Driver/Src/stm32l4xx_hal.o
LOAD ./Drivers/STM32L4xx_HAL_Driver/Src/stm32l4xx_hal_can.o
LOAD ./Drivers/STM32L4xx_HAL_Driver/Src/stm32l4xx_hal_cortex.o
LOAD ./Drivers/STM32L4xx_HAL_Driver/Src/stm32l4xx_hal_dma.o
LOAD ./Drivers/STM32L4xx_HAL_Driver/Src/stm32l4xx_hal_dma_ex.o
LOAD ./Drivers/STM32L4xx_HAL_Driver/Src/stm32l4xx_hal_exti.o
LOAD ./Drivers/STM32L4xx_HAL_Driver/Src/stm32l4xx_hal_flash.o
LOAD ./Drivers/STM32L4xx_HAL_Driver/Src/stm32l4xx_hal_flash_ex.o
LOAD ./Drivers/STM32L4xx_HAL_Driver/Src/stm32l4xx_hal_flash_ramfunc.o
LOAD ./Drivers/STM32L4xx_HAL_Driver/Src/stm32l4xx_hal_gpio.o
LOAD ./Drivers/STM32L4xx_HAL_Driver/Src/stm32l4xx_hal_i2c.o
LOAD ./Drivers/STM32L4xx_HAL_Driver/Src/stm32l4xx_hal_i2c_ex.o
LOAD ./Drivers/STM32L4xx_HAL_Driver/Src/stm32l4xx_hal_pwr.o
LOAD ./Drivers/STM32L4xx_HAL_Driver/Src/stm32l4xx_hal_pwr_ex.o
LOAD ./Drivers/STM32L4xx_HAL_Driver/Src/stm32l4xx_hal_rcc.o
LOAD ./Drivers/STM32L4xx_HAL_Driver/Src/stm32l4xx_hal_rcc_ex.o
START GROUP
LOAD /app/stm32cubeide/plugins/com.st.stm32cube.ide.mcu.externaltools.gnu-tools-for-stm32.10.3-2021.10.linux64_1.0.0.202111181127/tools/bin/../lib/gcc/arm-none-eabi/10.3.1/../../../../arm-none-eabi/lib/thumb/v7e-m+fp/hard/libc_nano.a
LOAD /app/stm32cubeide/plugins/com.st.stm32cube.ide.mcu.externaltools.gnu-tools-for-stm32.10.3-2021.10.linux64_1.0.0.202111181127/tools/bin/../lib/gcc/arm-none-eabi/10.3.1/../../../../arm-none-eabi/lib/thumb/v7e-m+fp/hard/libm.a
END GROUP
START GROUP
LOAD /app/stm32cubeide/plugins/com.st.stm32cube.ide.mcu.externaltools.gnu-tools-for-stm32.10.3-2021.10.linux64_1.0.0.202111181127/tools/bin/../lib/gcc/arm-none-eabi/10.3.1/thumb/v7e-m+fp/hard/libgcc.a
LOAD /app/stm32cubeide/plugins/com.st.stm32cube.ide.mcu.externaltools.gnu-tools-for-stm32.10.3-2021.10.linux64_1.0.0.202111181127/tools/bin/../lib/gcc/arm-none-eabi/10.3.1/../../../../arm-none-eabi/lib/thumb/v7e-m+fp/hard/libc_nano.a
END GROUP
START GROUP
LOAD /app/stm32cubeide/plugins/com.st.stm32cube.ide.mcu.externaltools.gnu-tools-for-stm32.10.3-2021.10.linux64_1.0.0.202111181127/tools/bin/../lib/gcc/arm-none-eabi/10.3.1/thumb/v7e-m+fp/hard/libgcc.a
LOAD /app/stm32cubeide/plugins/com.st.stm32cube.ide.mcu.externaltools.gnu-tools-for-stm32.10.3-2021.10.linux64_1.0.0.202111181127/tools/bin/../lib/gcc/arm-none-eabi/10.3.1/../../../../arm-none-eabi/lib/thumb/v7e-m+fp/hard/libc_nano.a
LOAD /app/stm32cubeide/plugins/com.st.stm32cube.ide.mcu.externaltools.gnu-tools-for-stm32.10.3-2021.10.linux64_1.0.0.202111181127/tools/bin/../lib/gcc/arm-none-eabi/10.3.1/../../../../arm-none-eabi/lib/thumb/v7e-m+fp/hard/libnosys.a
END GROUP
START GROUP
LOAD /app/stm32cubeide/plugins/com.st.stm32cube.ide.mcu.externaltools.gnu-tools-for-stm32.10.3-2021.10.linux64_1.0.0.202111181127/tools/bin/../lib/gcc/arm-none-eabi/10.3.1/thumb/v7e-m+fp/hard/libgcc.a
LOAD /app/stm32cubeide/plugins/com.st.stm32cube.ide.mcu.externaltools.gnu-tools-for-stm32.10.3-2021.10.linux64_1.0.0.202111181127/tools/bin/../lib/gcc/arm-none-eabi/10.3.1/../../../../arm-none-eabi/lib/thumb/v7e-m+fp/hard/libc_nano.a
LOAD /app/stm32cubeide/plugins/com.st.stm32cube.ide.mcu.externaltools.gnu-tools-for-stm32.10.3-2021.10.linux64_1.0.0.202111181127/tools/bin/../lib/gcc/arm-none-eabi/10.3.1/../../../../arm-none-eabi/lib/thumb/v7e-m+fp/hard/libnosys.a
END GROUP
LOAD /app/stm32cubeide/plugins/com.st.stm32cube.ide.mcu.externaltools.gnu-tools-for-stm32.10.3-2021.10.linux64_1.0.0.202111181127/tools/bin/../lib/gcc/arm-none-eabi/10.3.1/thumb/v7e-m+fp/hard/crtend.o
LOAD /app/stm32cubeide/plugins/com.st.stm32cube.ide.mcu.externaltools.gnu-tools-for-stm32.10.3-2021.10.linux64_1.0.0.202111181127/tools/bin/../lib/gcc/arm-none-eabi/10.3.1/thumb/v7e-m+fp/hard/crtn.o
                0x0000000020010000                _estack = (ORIGIN (RAM) + LENGTH (RAM))
                0x0000000000000200                _Min_Heap_Size = 0x200
                0x0000000000000400                _Min_Stack_Size = 0x400

.isr_vector     0x0000000008000000      0x18c
                0x0000000008000000                . = ALIGN (0x4)
 *(.isr_vector)
 .isr_vector    0x0000000008000000      0x18c ./Core/Startup/startup_stm32l432kcux.o
                0x0000000008000000                g_pfnVectors
                0x000000000800018c                . = ALIGN (0x4)

.text           0x000000000800018c     0x27e4
                0x000000000800018c                . = ALIGN (0x4)
 *(.text)
 .text          0x000000000800018c       0x40 /app/stm32cubeide/plugins/com.st.stm32cube.ide.mcu.externaltools.gnu-tools-for-stm32.10.3-2021.10.linux64_1.0.0.202111181127/tools/bin/../lib/gcc/arm-none-eabi/10.3.1/thumb/v7e-m+fp/hard/crtbegin.o
 *(.text*)
 .text.is_valid_addr
                0x00000000080001cc       0x6c ./Core/Src/can.o
                0x00000000080001cc                is_valid_addr
 .text.is_valid_fct_code
                0x0000000008000238       0x60 ./Core/Src/can.o
                0x0000000008000238                is_valid_fct_code
 .text.HAL_CAN_RxFifo0MsgPendingCallback
                0x0000000008000298       0xc0 ./Core/Src/can.o
                0x0000000008000298                HAL_CAN_RxFifo0MsgPendingCallback
 .text.configure_CAN
                0x0000000008000358       0x94 ./Core/Src/can.o
                0x0000000008000358                configure_CAN
 .text.send     0x00000000080003ec       0x94 ./Core/Src/can.o
                0x00000000080003ec                send
 .text.process_frame
                0x0000000008000480      0x134 ./Core/Src/can.o
                0x0000000008000480                process_frame
 .text.main     0x00000000080005b4       0x40 ./Core/Src/main.o
                0x00000000080005b4                main
 .text.SystemClock_Config
                0x00000000080005f4       0x8c ./Core/Src/main.o
                0x00000000080005f4                SystemClock_Config
 .text.MX_CAN1_Init
                0x0000000008000680       0x6c ./Core/Src/main.o
 .text.MX_GPIO_Init
                0x00000000080006ec       0x30 ./Core/Src/main.o
 .text.Error_Handler
                0x000000000800071c        0xa ./Core/Src/main.o
                0x000000000800071c                Error_Handler
 *fill*         0x0000000008000726        0x2 
 .text.HAL_MspInit
                0x0000000008000728       0x48 ./Core/Src/stm32l4xx_hal_msp.o
                0x0000000008000728                HAL_MspInit
 .text.HAL_CAN_MspInit
                0x0000000008000770       0xc8 ./Core/Src/stm32l4xx_hal_msp.o
                0x0000000008000770                HAL_CAN_MspInit
 .text.NMI_Handler
                0x0000000008000838        0x6 ./Core/Src/stm32l4xx_it.o
                0x0000000008000838                NMI_Handler
 .text.HardFault_Handler
                0x000000000800083e        0x6 ./Core/Src/stm32l4xx_it.o
                0x000000000800083e                HardFault_Handler
 .text.MemManage_Handler
                0x0000000008000844        0x6 ./Core/Src/stm32l4xx_it.o
                0x0000000008000844                MemManage_Handler
 .text.BusFault_Handler
                0x000000000800084a        0x6 ./Core/Src/stm32l4xx_it.o
                0x000000000800084a                BusFault_Handler
 .text.UsageFault_Handler
                0x0000000008000850        0x6 ./Core/Src/stm32l4xx_it.o
                0x0000000008000850                UsageFault_Handler
 .text.SVC_Handler
                0x0000000008000856        0xe ./Core/Src/stm32l4xx_it.o
                0x0000000008000856                SVC_Handler
 .text.DebugMon_Handler
                0x0000000008000864        0xe ./Core/Src/stm32l4xx_it.o
                0x0000000008000864                DebugMon_Handler
 .text.PendSV_Handler
                0x0000000008000872        0xe ./Core/Src/stm32l4xx_it.o
                0x0000000008000872                PendSV_Handler
 .text.SysTick_Handler
                0x0000000008000880        0xc ./Core/Src/stm32l4xx_it.o
                0x0000000008000880                SysTick_Handler
 .text.CAN1_TX_IRQHandler
                0x000000000800088c       0x14 ./Core/Src/stm32l4xx_it.o
                0x000000000800088c                CAN1_TX_IRQHandler
 .text.CAN1_RX0_IRQHandler
                0x00000000080008a0       0x14 ./Core/Src/stm32l4xx_it.o
                0x00000000080008a0                CAN1_RX0_IRQHandler
 .text.CAN1_RX1_IRQHandler
                0x00000000080008b4       0x14 ./Core/Src/stm32l4xx_it.o
                0x00000000080008b4                CAN1_RX1_IRQHandler
 .text.CAN1_SCE_IRQHandler
                0x00000000080008c8       0x14 ./Core/Src/stm32l4xx_it.o
                0x00000000080008c8                CAN1_SCE_IRQHandler
 .text._kill    0x00000000080008dc       0x20 ./Core/Src/syscalls.o
                0x00000000080008dc                _kill
 .text._exit    0x00000000080008fc       0x14 ./Core/Src/syscalls.o
                0x00000000080008fc                _exit
 .text.SystemInit
                0x0000000008000910       0x24 ./Core/Src/system_stm32l4xx.o
                0x0000000008000910                SystemInit
 .text.Reset_Handler
                0x0000000008000934       0x50 ./Core/Startup/startup_stm32l432kcux.o
                0x0000000008000934                Reset_Handler
 .text.Default_Handler
                0x0000000008000984        0x2 ./Core/Startup/startup_stm32l432kcux.o
                0x0000000008000984                RTC_Alarm_IRQHandler
                0x0000000008000984                EXTI2_IRQHandler
                0x0000000008000984                TIM1_CC_IRQHandler
                0x0000000008000984                TSC_IRQHandler
                0x0000000008000984                TAMP_STAMP_IRQHandler
                0x0000000008000984                EXTI3_IRQHandler
                0x0000000008000984                LPTIM2_IRQHandler
                0x0000000008000984                I2C3_ER_IRQHandler
                0x0000000008000984                EXTI0_IRQHandler
                0x0000000008000984                FPU_IRQHandler
                0x0000000008000984                TIM1_UP_TIM16_IRQHandler
                0x0000000008000984                SPI1_IRQHandler
                0x0000000008000984                TIM6_DAC_IRQHandler
                0x0000000008000984                DMA2_Channel2_IRQHandler
                0x0000000008000984                DMA1_Channel4_IRQHandler
                0x0000000008000984                ADC1_IRQHandler
                0x0000000008000984                DMA1_Channel7_IRQHandler
                0x0000000008000984                DMA2_Channel1_IRQHandler
                0x0000000008000984                QUADSPI_IRQHandler
                0x0000000008000984                I2C1_EV_IRQHandler
                0x0000000008000984                DMA1_Channel6_IRQHandler
                0x0000000008000984                DMA2_Channel4_IRQHandler
                0x0000000008000984                RCC_IRQHandler
                0x0000000008000984                TIM1_TRG_COM_IRQHandler
                0x0000000008000984                DMA1_Channel1_IRQHandler
                0x0000000008000984                Default_Handler
                0x0000000008000984                DMA2_Channel7_IRQHandler
                0x0000000008000984                EXTI15_10_IRQHandler
                0x0000000008000984                TIM7_IRQHandler
                0x0000000008000984                I2C3_EV_IRQHandler
                0x0000000008000984                USB_IRQHandler
                0x0000000008000984                EXTI9_5_IRQHandler
                0x0000000008000984                RTC_WKUP_IRQHandler
                0x0000000008000984                PVD_PVM_IRQHandler
                0x0000000008000984                DMA2_Channel5_IRQHandler
                0x0000000008000984                CRS_IRQHandler
                0x0000000008000984                DMA1_Channel5_IRQHandler
                0x0000000008000984                EXTI4_IRQHandler
                0x0000000008000984                RNG_IRQHandler
                0x0000000008000984                DMA1_Channel3_IRQHandler
                0x0000000008000984                COMP_IRQHandler
                0x0000000008000984                WWDG_IRQHandler
                0x0000000008000984                LPUART1_IRQHandler
                0x0000000008000984                DMA2_Channel6_IRQHandler
                0x0000000008000984                TIM2_IRQHandler
                0x0000000008000984                EXTI1_IRQHandler
                0x0000000008000984                USART2_IRQHandler
                0x0000000008000984                DMA1_Channel2_IRQHandler
                0x0000000008000984                FLASH_IRQHandler
                0x0000000008000984                USART1_IRQHandler
                0x0000000008000984                SPI3_IRQHandler
                0x0000000008000984                I2C1_ER_IRQHandler
                0x0000000008000984                SWPMI1_IRQHandler
                0x0000000008000984                LPTIM1_IRQHandler
                0x0000000008000984                SAI1_IRQHandler
                0x0000000008000984                DMA2_Channel3_IRQHandler
                0x0000000008000984                TIM1_BRK_TIM15_IRQHandler
 .text.HAL_Init
                0x0000000008000986       0x30 ./Drivers/STM32L4xx_HAL_Driver/Src/stm32l4xx_hal.o
                0x0000000008000986                HAL_Init
 *fill*         0x00000000080009b6        0x2 
 .text.HAL_InitTick
                0x00000000080009b8       0x78 ./Drivers/STM32L4xx_HAL_Driver/Src/stm32l4xx_hal.o
                0x00000000080009b8                HAL_InitTick
 .text.HAL_IncTick
                0x0000000008000a30       0x28 ./Drivers/STM32L4xx_HAL_Driver/Src/stm32l4xx_hal.o
                0x0000000008000a30                HAL_IncTick
 .text.HAL_GetTick
                0x0000000008000a58       0x18 ./Drivers/STM32L4xx_HAL_Driver/Src/stm32l4xx_hal.o
                0x0000000008000a58                HAL_GetTick
 .text.HAL_CAN_Init
                0x0000000008000a70      0x1f6 ./Drivers/STM32L4xx_HAL_Driver/Src/stm32l4xx_hal_can.o
                0x0000000008000a70                HAL_CAN_Init
 .text.HAL_CAN_ConfigFilter
                0x0000000008000c66      0x194 ./Drivers/STM32L4xx_HAL_Driver/Src/stm32l4xx_hal_can.o
                0x0000000008000c66                HAL_CAN_ConfigFilter
 .text.HAL_CAN_Start
                0x0000000008000dfa       0x88 ./Drivers/STM32L4xx_HAL_Driver/Src/stm32l4xx_hal_can.o
                0x0000000008000dfa                HAL_CAN_Start
 .text.HAL_CAN_AddTxMessage
                0x0000000008000e82      0x1a0 ./Drivers/STM32L4xx_HAL_Driver/Src/stm32l4xx_hal_can.o
                0x0000000008000e82                HAL_CAN_AddTxMessage
 .text.HAL_CAN_GetRxMessage
                0x0000000008001022      0x224 ./Drivers/STM32L4xx_HAL_Driver/Src/stm32l4xx_hal_can.o
                0x0000000008001022                HAL_CAN_GetRxMessage
 .text.HAL_CAN_ActivateNotification
                0x0000000008001246       0x4c ./Drivers/STM32L4xx_HAL_Driver/Src/stm32l4xx_hal_can.o
                0x0000000008001246                HAL_CAN_ActivateNotification
 .text.HAL_CAN_IRQHandler
                0x0000000008001292      0x36e ./Drivers/STM32L4xx_HAL_Driver/Src/stm32l4xx_hal_can.o
                0x0000000008001292                HAL_CAN_IRQHandler
 .text.HAL_CAN_TxMailbox0CompleteCallback
                0x0000000008001600       0x14 ./Drivers/STM32L4xx_HAL_Driver/Src/stm32l4xx_hal_can.o
                0x0000000008001600                HAL_CAN_TxMailbox0CompleteCallback
 .text.HAL_CAN_TxMailbox1CompleteCallback
                0x0000000008001614       0x14 ./Drivers/STM32L4xx_HAL_Driver/Src/stm32l4xx_hal_can.o
                0x0000000008001614                HAL_CAN_TxMailbox1CompleteCallback
 .text.HAL_CAN_TxMailbox2CompleteCallback
                0x0000000008001628       0x14 ./Drivers/STM32L4xx_HAL_Driver/Src/stm32l4xx_hal_can.o
                0x0000000008001628                HAL_CAN_TxMailbox2CompleteCallback
 .text.HAL_CAN_TxMailbox0AbortCallback
                0x000000000800163c       0x14 ./Drivers/STM32L4xx_HAL_Driver/Src/stm32l4xx_hal_can.o
                0x000000000800163c                HAL_CAN_TxMailbox0AbortCallback
 .text.HAL_CAN_TxMailbox1AbortCallback
                0x0000000008001650       0x14 ./Drivers/STM32L4xx_HAL_Driver/Src/stm32l4xx_hal_can.o
                0x0000000008001650                HAL_CAN_TxMailbox1AbortCallback
 .text.HAL_CAN_TxMailbox2AbortCallback
                0x0000000008001664       0x14 ./Drivers/STM32L4xx_HAL_Driver/Src/stm32l4xx_hal_can.o
                0x0000000008001664                HAL_CAN_TxMailbox2AbortCallback
 .text.HAL_CAN_RxFifo0FullCallback
                0x0000000008001678       0x14 ./Drivers/STM32L4xx_HAL_Driver/Src/stm32l4xx_hal_can.o
                0x0000000008001678                HAL_CAN_RxFifo0FullCallback
 .text.HAL_CAN_RxFifo1MsgPendingCallback
                0x000000000800168c       0x14 ./Drivers/STM32L4xx_HAL_Driver/Src/stm32l4xx_hal_can.o
                0x000000000800168c                HAL_CAN_RxFifo1MsgPendingCallback
 .text.HAL_CAN_RxFifo1FullCallback
                0x00000000080016a0       0x14 ./Drivers/STM32L4xx_HAL_Driver/Src/stm32l4xx_hal_can.o
                0x00000000080016a0                HAL_CAN_RxFifo1FullCallback
 .text.HAL_CAN_SleepCallback
                0x00000000080016b4       0x14 ./Drivers/STM32L4xx_HAL_Driver/Src/stm32l4xx_hal_can.o
                0x00000000080016b4                HAL_CAN_SleepCallback
 .text.HAL_CAN_WakeUpFromRxMsgCallback
                0x00000000080016c8       0x14 ./Drivers/STM32L4xx_HAL_Driver/Src/stm32l4xx_hal_can.o
                0x00000000080016c8                HAL_CAN_WakeUpFromRxMsgCallback
 .text.HAL_CAN_ErrorCallback
                0x00000000080016dc       0x14 ./Drivers/STM32L4xx_HAL_Driver/Src/stm32l4xx_hal_can.o
                0x00000000080016dc                HAL_CAN_ErrorCallback
 .text.__NVIC_SetPriorityGrouping
                0x00000000080016f0       0x48 ./Drivers/STM32L4xx_HAL_Driver/Src/stm32l4xx_hal_cortex.o
 .text.__NVIC_GetPriorityGrouping
                0x0000000008001738       0x1c ./Drivers/STM32L4xx_HAL_Driver/Src/stm32l4xx_hal_cortex.o
 .text.__NVIC_EnableIRQ
                0x0000000008001754       0x3c ./Drivers/STM32L4xx_HAL_Driver/Src/stm32l4xx_hal_cortex.o
 .text.__NVIC_SetPriority
                0x0000000008001790       0x54 ./Drivers/STM32L4xx_HAL_Driver/Src/stm32l4xx_hal_cortex.o
 .text.NVIC_EncodePriority
                0x00000000080017e4       0x66 ./Drivers/STM32L4xx_HAL_Driver/Src/stm32l4xx_hal_cortex.o
 *fill*         0x000000000800184a        0x2 
 .text.SysTick_Config
                0x000000000800184c       0x44 ./Drivers/STM32L4xx_HAL_Driver/Src/stm32l4xx_hal_cortex.o
 .text.HAL_NVIC_SetPriorityGrouping
                0x0000000008001890       0x16 ./Drivers/STM32L4xx_HAL_Driver/Src/stm32l4xx_hal_cortex.o
                0x0000000008001890                HAL_NVIC_SetPriorityGrouping
 .text.HAL_NVIC_SetPriority
                0x00000000080018a6       0x38 ./Drivers/STM32L4xx_HAL_Driver/Src/stm32l4xx_hal_cortex.o
                0x00000000080018a6                HAL_NVIC_SetPriority
 .text.HAL_NVIC_EnableIRQ
                0x00000000080018de       0x1c ./Drivers/STM32L4xx_HAL_Driver/Src/stm32l4xx_hal_cortex.o
                0x00000000080018de                HAL_NVIC_EnableIRQ
 .text.HAL_SYSTICK_Config
                0x00000000080018fa       0x18 ./Drivers/STM32L4xx_HAL_Driver/Src/stm32l4xx_hal_cortex.o
                0x00000000080018fa                HAL_SYSTICK_Config
 *fill*         0x0000000008001912        0x2 
 .text.HAL_GPIO_Init
                0x0000000008001914      0x2d4 ./Drivers/STM32L4xx_HAL_Driver/Src/stm32l4xx_hal_gpio.o
                0x0000000008001914                HAL_GPIO_Init
 .text.HAL_PWREx_GetVoltageRange
                0x0000000008001be8       0x1c ./Drivers/STM32L4xx_HAL_Driver/Src/stm32l4xx_hal_pwr_ex.o
                0x0000000008001be8                HAL_PWREx_GetVoltageRange
 .text.HAL_PWREx_ControlVoltageScaling
                0x0000000008001c04       0xac ./Drivers/STM32L4xx_HAL_Driver/Src/stm32l4xx_hal_pwr_ex.o
                0x0000000008001c04                HAL_PWREx_ControlVoltageScaling
 .text.HAL_RCC_OscConfig
                0x0000000008001cb0      0x828 ./Drivers/STM32L4xx_HAL_Driver/Src/stm32l4xx_hal_rcc.o
                0x0000000008001cb0                HAL_RCC_OscConfig
 .text.HAL_RCC_ClockConfig
                0x00000000080024d8      0x200 ./Drivers/STM32L4xx_HAL_Driver/Src/stm32l4xx_hal_rcc.o
                0x00000000080024d8                HAL_RCC_ClockConfig
 .text.HAL_RCC_GetSysClockFreq
                0x00000000080026d8      0x118 ./Drivers/STM32L4xx_HAL_Driver/Src/stm32l4xx_hal_rcc.o
                0x00000000080026d8                HAL_RCC_GetSysClockFreq
 .text.RCC_SetFlashLatencyFromMSIRange
                0x00000000080027f0       0xc0 ./Drivers/STM32L4xx_HAL_Driver/Src/stm32l4xx_hal_rcc.o
 .text.__errno  0x00000000080028b0        0xc /app/stm32cubeide/plugins/com.st.stm32cube.ide.mcu.externaltools.gnu-tools-for-stm32.10.3-2021.10.linux64_1.0.0.202111181127/tools/bin/../lib/gcc/arm-none-eabi/10.3.1/../../../../arm-none-eabi/lib/thumb/v7e-m+fp/hard/libc_nano.a(lib_a-errno.o)
                0x00000000080028b0                __errno
 .text.exit     0x00000000080028bc       0x28 /app/stm32cubeide/plugins/com.st.stm32cube.ide.mcu.externaltools.gnu-tools-for-stm32.10.3-2021.10.linux64_1.0.0.202111181127/tools/bin/../lib/gcc/arm-none-eabi/10.3.1/../../../../arm-none-eabi/lib/thumb/v7e-m+fp/hard/libc_nano.a(lib_a-exit.o)
                0x00000000080028bc                exit
 .text.__libc_init_array
                0x00000000080028e4       0x48 /app/stm32cubeide/plugins/com.st.stm32cube.ide.mcu.externaltools.gnu-tools-for-stm32.10.3-2021.10.linux64_1.0.0.202111181127/tools/bin/../lib/gcc/arm-none-eabi/10.3.1/../../../../arm-none-eabi/lib/thumb/v7e-m+fp/hard/libc_nano.a(lib_a-init.o)
                0x00000000080028e4                __libc_init_array
 .text.memcpy   0x000000000800292c       0x1c /app/stm32cubeide/plugins/com.st.stm32cube.ide.mcu.externaltools.gnu-tools-for-stm32.10.3-2021.10.linux64_1.0.0.202111181127/tools/bin/../lib/gcc/arm-none-eabi/10.3.1/../../../../arm-none-eabi/lib/thumb/v7e-m+fp/hard/libc_nano.a(lib_a-memcpy-stub.o)
                0x000000000800292c                memcpy
 .text.memset   0x0000000008002948       0x10 /app/stm32cubeide/plugins/com.st.stm32cube.ide.mcu.externaltools.gnu-tools-for-stm32.10.3-2021.10.linux64_1.0.0.202111181127/tools/bin/../lib/gcc/arm-none-eabi/10.3.1/../../../../arm-none-eabi/lib/thumb/v7e-m+fp/hard/libc_nano.a(lib_a-memset.o)
                0x0000000008002948                memset
 *(.glue_7)
 .glue_7        0x0000000008002958        0x0 linker stubs
 *(.glue_7t)
 .glue_7t       0x0000000008002958        0x0 linker stubs
 *(.eh_frame)
 .eh_frame      0x0000000008002958        0x0 /app/stm32cubeide/plugins/com.st.stm32cube.ide.mcu.externaltools.gnu-tools-for-stm32.10.3-2021.10.linux64_1.0.0.202111181127/tools/bin/../lib/gcc/arm-none-eabi/10.3.1/thumb/v7e-m+fp/hard/crtbegin.o
 *(.init)
 .init          0x0000000008002958        0x4 /app/stm32cubeide/plugins/com.st.stm32cube.ide.mcu.externaltools.gnu-tools-for-stm32.10.3-2021.10.linux64_1.0.0.202111181127/tools/bin/../lib/gcc/arm-none-eabi/10.3.1/thumb/v7e-m+fp/hard/crti.o
                0x0000000008002958                _init
 .init          0x000000000800295c        0x8 /app/stm32cubeide/plugins/com.st.stm32cube.ide.mcu.externaltools.gnu-tools-for-stm32.10.3-2021.10.linux64_1.0.0.202111181127/tools/bin/../lib/gcc/arm-none-eabi/10.3.1/thumb/v7e-m+fp/hard/crtn.o
 *(.fini)
 .fini          0x0000000008002964        0x4 /app/stm32cubeide/plugins/com.st.stm32cube.ide.mcu.externaltools.gnu-tools-for-stm32.10.3-2021.10.linux64_1.0.0.202111181127/tools/bin/../lib/gcc/arm-none-eabi/10.3.1/thumb/v7e-m+fp/hard/crti.o
                0x0000000008002964                _fini
 .fini          0x0000000008002968        0x8 /app/stm32cubeide/plugins/com.st.stm32cube.ide.mcu.externaltools.gnu-tools-for-stm32.10.3-2021.10.linux64_1.0.0.202111181127/tools/bin/../lib/gcc/arm-none-eabi/10.3.1/thumb/v7e-m+fp/hard/crtn.o
                0x0000000008002970                . = ALIGN (0x4)
                0x0000000008002970                _etext = .

.vfp11_veneer   0x0000000008002970        0x0
 .vfp11_veneer  0x0000000008002970        0x0 linker stubs

.v4_bx          0x0000000008002970        0x0
 .v4_bx         0x0000000008002970        0x0 linker stubs

.iplt           0x0000000008002970        0x0
 .iplt          0x0000000008002970        0x0 /app/stm32cubeide/plugins/com.st.stm32cube.ide.mcu.externaltools.gnu-tools-for-stm32.10.3-2021.10.linux64_1.0.0.202111181127/tools/bin/../lib/gcc/arm-none-eabi/10.3.1/thumb/v7e-m+fp/hard/crtbegin.o

.rodata         0x0000000008002970       0x6c
                0x0000000008002970                . = ALIGN (0x4)
 *(.rodata)
 .rodata        0x0000000008002970       0x28 ./Core/Src/can.o
 *(.rodata*)
 .rodata.AHBPrescTable
                0x0000000008002998       0x10 ./Core/Src/system_stm32l4xx.o
                0x0000000008002998                AHBPrescTable
 .rodata.MSIRangeTable
                0x00000000080029a8       0x30 ./Core/Src/system_stm32l4xx.o
                0x00000000080029a8                MSIRangeTable
 .rodata._global_impure_ptr
                0x00000000080029d8        0x4 /app/stm32cubeide/plugins/com.st.stm32cube.ide.mcu.externaltools.gnu-tools-for-stm32.10.3-2021.10.linux64_1.0.0.202111181127/tools/bin/../lib/gcc/arm-none-eabi/10.3.1/../../../../arm-none-eabi/lib/thumb/v7e-m+fp/hard/libc_nano.a(lib_a-impure.o)
                0x00000000080029d8                _global_impure_ptr
                0x00000000080029dc                . = ALIGN (0x4)

.rel.dyn        0x00000000080029dc        0x0
 .rel.iplt      0x00000000080029dc        0x0 /app/stm32cubeide/plugins/com.st.stm32cube.ide.mcu.externaltools.gnu-tools-for-stm32.10.3-2021.10.linux64_1.0.0.202111181127/tools/bin/../lib/gcc/arm-none-eabi/10.3.1/thumb/v7e-m+fp/hard/crtbegin.o

.ARM.extab      0x00000000080029dc        0x0
                0x00000000080029dc                . = ALIGN (0x4)
 *(.ARM.extab* .gnu.linkonce.armextab.*)
                0x00000000080029dc                . = ALIGN (0x4)

.ARM            0x00000000080029dc        0x0
                0x00000000080029dc                . = ALIGN (0x4)
                0x00000000080029dc                __exidx_start = .
 *(.ARM.exidx*)
                0x00000000080029dc                __exidx_end = .
                0x00000000080029dc                . = ALIGN (0x4)

.preinit_array  0x00000000080029dc        0x0
                0x00000000080029dc                . = ALIGN (0x4)
                0x00000000080029dc                PROVIDE (__preinit_array_start = .)
 *(.preinit_array*)
                0x00000000080029dc                PROVIDE (__preinit_array_end = .)
                0x00000000080029dc                . = ALIGN (0x4)

.init_array     0x00000000080029dc        0x4
                0x00000000080029dc                . = ALIGN (0x4)
                0x00000000080029dc                PROVIDE (__init_array_start = .)
 *(SORT_BY_NAME(.init_array.*))
 *(.init_array*)
 .init_array    0x00000000080029dc        0x4 /app/stm32cubeide/plugins/com.st.stm32cube.ide.mcu.externaltools.gnu-tools-for-stm32.10.3-2021.10.linux64_1.0.0.202111181127/tools/bin/../lib/gcc/arm-none-eabi/10.3.1/thumb/v7e-m+fp/hard/crtbegin.o
                0x00000000080029e0                PROVIDE (__init_array_end = .)
                0x00000000080029e0                . = ALIGN (0x4)

.fini_array     0x00000000080029e0        0x4
                0x00000000080029e0                . = ALIGN (0x4)
                [!provide]                        PROVIDE (__fini_array_start = .)
 *(SORT_BY_NAME(.fini_array.*))
 *(.fini_array*)
 .fini_array    0x00000000080029e0        0x4 /app/stm32cubeide/plugins/com.st.stm32cube.ide.mcu.externaltools.gnu-tools-for-stm32.10.3-2021.10.linux64_1.0.0.202111181127/tools/bin/../lib/gcc/arm-none-eabi/10.3.1/thumb/v7e-m+fp/hard/crtbegin.o
                [!provide]                        PROVIDE (__fini_array_end = .)
                0x00000000080029e4                . = ALIGN (0x4)
                0x00000000080029e4                _sidata = LOADADDR (.data)

.data           0x0000000020000000       0x70 load address 0x00000000080029e4
                0x0000000020000000                . = ALIGN (0x4)
                0x0000000020000000                _sdata = .
 *(.data)
 *(.data*)
 .data.SystemCoreClock
                0x0000000020000000        0x4 ./Core/Src/system_stm32l4xx.o
                0x0000000020000000                SystemCoreClock
 .data.uwTickPrio
                0x0000000020000004        0x4 ./Drivers/STM32L4xx_HAL_Driver/Src/stm32l4xx_hal.o
                0x0000000020000004                uwTickPrio
 .data.uwTickFreq
                0x0000000020000008        0x1 ./Drivers/STM32L4xx_HAL_Driver/Src/stm32l4xx_hal.o
                0x0000000020000008                uwTickFreq
 *fill*         0x0000000020000009        0x3 
 .data._impure_ptr
                0x000000002000000c        0x4 /app/stm32cubeide/plugins/com.st.stm32cube.ide.mcu.externaltools.gnu-tools-for-stm32.10.3-2021.10.linux64_1.0.0.202111181127/tools/bin/../lib/gcc/arm-none-eabi/10.3.1/../../../../arm-none-eabi/lib/thumb/v7e-m+fp/hard/libc_nano.a(lib_a-impure.o)
                0x000000002000000c                _impure_ptr
 .data.impure_data
                0x0000000020000010       0x60 /app/stm32cubeide/plugins/com.st.stm32cube.ide.mcu.externaltools.gnu-tools-for-stm32.10.3-2021.10.linux64_1.0.0.202111181127/tools/bin/../lib/gcc/arm-none-eabi/10.3.1/../../../../arm-none-eabi/lib/thumb/v7e-m+fp/hard/libc_nano.a(lib_a-impure.o)
 *(.RamFunc)
 *(.RamFunc*)
                0x0000000020000070                . = ALIGN (0x4)
                0x0000000020000070                _edata = .

.igot.plt       0x0000000020000070        0x0 load address 0x0000000008002a54
 .igot.plt      0x0000000020000070        0x0 /app/stm32cubeide/plugins/com.st.stm32cube.ide.mcu.externaltools.gnu-tools-for-stm32.10.3-2021.10.linux64_1.0.0.202111181127/tools/bin/../lib/gcc/arm-none-eabi/10.3.1/thumb/v7e-m+fp/hard/crtbegin.o
                0x0000000020000070                . = ALIGN (0x4)

.bss            0x0000000020000070       0x7c load address 0x0000000008002a54
                0x0000000020000070                _sbss = .
                0x0000000020000070                __bss_start__ = _sbss
 *(.bss)
 .bss           0x0000000020000070       0x1c /app/stm32cubeide/plugins/com.st.stm32cube.ide.mcu.externaltools.gnu-tools-for-stm32.10.3-2021.10.linux64_1.0.0.202111181127/tools/bin/../lib/gcc/arm-none-eabi/10.3.1/thumb/v7e-m+fp/hard/crtbegin.o
 *(.bss*)
 .bss.hcan1     0x000000002000008c       0x28 ./Core/Src/main.o
                0x000000002000008c                hcan1
 .bss.hcan_p    0x00000000200000b4       0x28 ./Core/Src/main.o
                0x00000000200000b4                hcan_p
 .bss.CanAdresse
                0x00000000200000dc        0x1 ./Core/Src/main.o
                0x00000000200000dc                CanAdresse
 *fill*         0x00000000200000dd        0x3 
 .bss.state     0x00000000200000e0        0x8 ./Core/Src/main.o
                0x00000000200000e0                state
 .bss.uwTick    0x00000000200000e8        0x4 ./Drivers/STM32L4xx_HAL_Driver/Src/stm32l4xx_hal.o
                0x00000000200000e8                uwTick
 *(COMMON)
                0x00000000200000ec                . = ALIGN (0x4)
                0x00000000200000ec                _ebss = .
                0x00000000200000ec                __bss_end__ = _ebss

._user_heap_stack
                0x00000000200000ec      0x604 load address 0x0000000008002a54
                0x00000000200000f0                . = ALIGN (0x8)
 *fill*         0x00000000200000ec        0x4 
                [!provide]                        PROVIDE (end = .)
                0x00000000200000f0                PROVIDE (_end = .)
                0x00000000200002f0                . = (. + _Min_Heap_Size)
 *fill*         0x00000000200000f0      0x200 
                0x00000000200006f0                . = (. + _Min_Stack_Size)
 *fill*         0x00000000200002f0      0x400 
                0x00000000200006f0                . = ALIGN (0x8)

/DISCARD/
 libc.a(*)
 libm.a(*)
 libgcc.a(*)

.ARM.attributes
                0x0000000000000000       0x30
 *(.ARM.attributes)
 .ARM.attributes
                0x0000000000000000       0x1e /app/stm32cubeide/plugins/com.st.stm32cube.ide.mcu.externaltools.gnu-tools-for-stm32.10.3-2021.10.linux64_1.0.0.202111181127/tools/bin/../lib/gcc/arm-none-eabi/10.3.1/thumb/v7e-m+fp/hard/crti.o
 .ARM.attributes
                0x000000000000001e       0x34 /app/stm32cubeide/plugins/com.st.stm32cube.ide.mcu.externaltools.gnu-tools-for-stm32.10.3-2021.10.linux64_1.0.0.202111181127/tools/bin/../lib/gcc/arm-none-eabi/10.3.1/thumb/v7e-m+fp/hard/crtbegin.o
 .ARM.attributes
                0x0000000000000052       0x34 ./Core/Src/can.o
 .ARM.attributes
                0x0000000000000086       0x34 ./Core/Src/main.o
 .ARM.attributes
                0x00000000000000ba       0x34 ./Core/Src/stm32l4xx_hal_msp.o
 .ARM.attributes
                0x00000000000000ee       0x34 ./Core/Src/stm32l4xx_it.o
 .ARM.attributes
                0x0000000000000122       0x34 ./Core/Src/syscalls.o
 .ARM.attributes
                0x0000000000000156       0x34 ./Core/Src/system_stm32l4xx.o
 .ARM.attributes
                0x000000000000018a       0x21 ./Core/Startup/startup_stm32l432kcux.o
 .ARM.attributes
                0x00000000000001ab       0x34 ./Drivers/STM32L4xx_HAL_Driver/Src/stm32l4xx_hal.o
 .ARM.attributes
                0x00000000000001df       0x34 ./Drivers/STM32L4xx_HAL_Driver/Src/stm32l4xx_hal_can.o
 .ARM.attributes
                0x0000000000000213       0x34 ./Drivers/STM32L4xx_HAL_Driver/Src/stm32l4xx_hal_cortex.o
 .ARM.attributes
                0x0000000000000247       0x34 ./Drivers/STM32L4xx_HAL_Driver/Src/stm32l4xx_hal_gpio.o
 .ARM.attributes
                0x000000000000027b       0x34 ./Drivers/STM32L4xx_HAL_Driver/Src/stm32l4xx_hal_pwr_ex.o
 .ARM.attributes
                0x00000000000002af       0x34 ./Drivers/STM32L4xx_HAL_Driver/Src/stm32l4xx_hal_rcc.o
 .ARM.attributes
                0x00000000000002e3       0x34 /app/stm32cubeide/plugins/com.st.stm32cube.ide.mcu.externaltools.gnu-tools-for-stm32.10.3-2021.10.linux64_1.0.0.202111181127/tools/bin/../lib/gcc/arm-none-eabi/10.3.1/../../../../arm-none-eabi/lib/thumb/v7e-m+fp/hard/libc_nano.a(lib_a-errno.o)
 .ARM.attributes
                0x0000000000000317       0x34 /app/stm32cubeide/plugins/com.st.stm32cube.ide.mcu.externaltools.gnu-tools-for-stm32.10.3-2021.10.linux64_1.0.0.202111181127/tools/bin/../lib/gcc/arm-none-eabi/10.3.1/../../../../arm-none-eabi/lib/thumb/v7e-m+fp/hard/libc_nano.a(lib_a-exit.o)
 .ARM.attributes
                0x000000000000034b       0x34 /app/stm32cubeide/plugins/com.st.stm32cube.ide.mcu.externaltools.gnu-tools-for-stm32.10.3-2021.10.linux64_1.0.0.202111181127/tools/bin/../lib/gcc/arm-none-eabi/10.3.1/../../../../arm-none-eabi/lib/thumb/v7e-m+fp/hard/libc_nano.a(lib_a-impure.o)
 .ARM.attributes
                0x000000000000037f       0x34 /app/stm32cubeide/plugins/com.st.stm32cube.ide.mcu.externaltools.gnu-tools-for-stm32.10.3-2021.10.linux64_1.0.0.202111181127/tools/bin/../lib/gcc/arm-none-eabi/10.3.1/../../../../arm-none-eabi/lib/thumb/v7e-m+fp/hard/libc_nano.a(lib_a-init.o)
 .ARM.attributes
                0x00000000000003b3       0x34 /app/stm32cubeide/plugins/com.st.stm32cube.ide.mcu.externaltools.gnu-tools-for-stm32.10.3-2021.10.linux64_1.0.0.202111181127/tools/bin/../lib/gcc/arm-none-eabi/10.3.1/../../../../arm-none-eabi/lib/thumb/v7e-m+fp/hard/libc_nano.a(lib_a-memcpy-stub.o)
 .ARM.attributes
                0x00000000000003e7       0x34 /app/stm32cubeide/plugins/com.st.stm32cube.ide.mcu.externaltools.gnu-tools-for-stm32.10.3-2021.10.linux64_1.0.0.202111181127/tools/bin/../lib/gcc/arm-none-eabi/10.3.1/../../../../arm-none-eabi/lib/thumb/v7e-m+fp/hard/libc_nano.a(lib_a-memset.o)
 .ARM.attributes
                0x000000000000041b       0x1e /app/stm32cubeide/plugins/com.st.stm32cube.ide.mcu.externaltools.gnu-tools-for-stm32.10.3-2021.10.linux64_1.0.0.202111181127/tools/bin/../lib/gcc/arm-none-eabi/10.3.1/thumb/v7e-m+fp/hard/crtn.o
OUTPUT(L432.elf elf32-littlearm)
LOAD linker stubs
LOAD /app/stm32cubeide/plugins/com.st.stm32cube.ide.mcu.externaltools.gnu-tools-for-stm32.10.3-2021.10.linux64_1.0.0.202111181127/tools/bin/../lib/gcc/arm-none-eabi/10.3.1/../../../../arm-none-eabi/lib/thumb/v7e-m+fp/hard/libc.a
LOAD /app/stm32cubeide/plugins/com.st.stm32cube.ide.mcu.externaltools.gnu-tools-for-stm32.10.3-2021.10.linux64_1.0.0.202111181127/tools/bin/../lib/gcc/arm-none-eabi/10.3.1/../../../../arm-none-eabi/lib/thumb/v7e-m+fp/hard/libm.a
LOAD /app/stm32cubeide/plugins/com.st.stm32cube.ide.mcu.externaltools.gnu-tools-for-stm32.10.3-2021.10.linux64_1.0.0.202111181127/tools/bin/../lib/gcc/arm-none-eabi/10.3.1/thumb/v7e-m+fp/hard/libgcc.a

.debug_info     0x0000000000000000     0x79b0
 .debug_info    0x0000000000000000      0xb62 ./Core/Src/can.o
 .debug_info    0x0000000000000b62      0xb39 ./Core/Src/main.o
 .debug_info    0x000000000000169b      0xafd ./Core/Src/stm32l4xx_hal_msp.o
 .debug_info    0x0000000000002198      0x584 ./Core/Src/stm32l4xx_it.o
 .debug_info    0x000000000000271c      0x6e0 ./Core/Src/syscalls.o
 .debug_info    0x0000000000002dfc      0x5d4 ./Core/Src/system_stm32l4xx.o
 .debug_info    0x00000000000033d0       0x22 ./Core/Startup/startup_stm32l432kcux.o
 .debug_info    0x00000000000033f2      0x9da ./Drivers/STM32L4xx_HAL_Driver/Src/stm32l4xx_hal.o
 .debug_info    0x0000000000003dcc     0x101e ./Drivers/STM32L4xx_HAL_Driver/Src/stm32l4xx_hal_can.o
 .debug_info    0x0000000000004dea      0xda3 ./Drivers/STM32L4xx_HAL_Driver/Src/stm32l4xx_hal_cortex.o
 .debug_info    0x0000000000005b8d      0x821 ./Drivers/STM32L4xx_HAL_Driver/Src/stm32l4xx_hal_gpio.o
 .debug_info    0x00000000000063ae      0x96b ./Drivers/STM32L4xx_HAL_Driver/Src/stm32l4xx_hal_pwr_ex.o
 .debug_info    0x0000000000006d19      0xc97 ./Drivers/STM32L4xx_HAL_Driver/Src/stm32l4xx_hal_rcc.o

.debug_abbrev   0x0000000000000000     0x1869
 .debug_abbrev  0x0000000000000000      0x231 ./Core/Src/can.o
 .debug_abbrev  0x0000000000000231      0x253 ./Core/Src/main.o
 .debug_abbrev  0x0000000000000484      0x1be ./Core/Src/stm32l4xx_hal_msp.o
 .debug_abbrev  0x0000000000000642      0x172 ./Core/Src/stm32l4xx_it.o
 .debug_abbrev  0x00000000000007b4      0x1b3 ./Core/Src/syscalls.o
 .debug_abbrev  0x0000000000000967      0x116 ./Core/Src/system_stm32l4xx.o
 .debug_abbrev  0x0000000000000a7d       0x12 ./Core/Startup/startup_stm32l432kcux.o
 .debug_abbrev  0x0000000000000a8f      0x21e ./Drivers/STM32L4xx_HAL_Driver/Src/stm32l4xx_hal.o
 .debug_abbrev  0x0000000000000cad      0x23b ./Drivers/STM32L4xx_HAL_Driver/Src/stm32l4xx_hal_can.o
 .debug_abbrev  0x0000000000000ee8      0x316 ./Drivers/STM32L4xx_HAL_Driver/Src/stm32l4xx_hal_cortex.o
 .debug_abbrev  0x00000000000011fe      0x1bb ./Drivers/STM32L4xx_HAL_Driver/Src/stm32l4xx_hal_gpio.o
 .debug_abbrev  0x00000000000013b9      0x1f3 ./Drivers/STM32L4xx_HAL_Driver/Src/stm32l4xx_hal_pwr_ex.o
 .debug_abbrev  0x00000000000015ac      0x2bd ./Drivers/STM32L4xx_HAL_Driver/Src/stm32l4xx_hal_rcc.o

.debug_aranges  0x0000000000000000      0x798
 .debug_aranges
                0x0000000000000000       0x48 ./Core/Src/can.o
 .debug_aranges
                0x0000000000000048       0x40 ./Core/Src/main.o
 .debug_aranges
                0x0000000000000088       0x30 ./Core/Src/stm32l4xx_hal_msp.o
 .debug_aranges
                0x00000000000000b8       0x80 ./Core/Src/stm32l4xx_it.o
 .debug_aranges
                0x0000000000000138       0xa8 ./Core/Src/syscalls.o
 .debug_aranges
                0x00000000000001e0       0x28 ./Core/Src/system_stm32l4xx.o
 .debug_aranges
                0x0000000000000208       0x28 ./Core/Startup/startup_stm32l432kcux.o
 .debug_aranges
                0x0000000000000230      0x108 ./Drivers/STM32L4xx_HAL_Driver/Src/stm32l4xx_hal.o
 .debug_aranges
                0x0000000000000338      0x138 ./Drivers/STM32L4xx_HAL_Driver/Src/stm32l4xx_hal_can.o
 .debug_aranges
                0x0000000000000470      0x118 ./Drivers/STM32L4xx_HAL_Driver/Src/stm32l4xx_hal_cortex.o
 .debug_aranges
                0x0000000000000588       0x58 ./Drivers/STM32L4xx_HAL_Driver/Src/stm32l4xx_hal_gpio.o
 .debug_aranges
                0x00000000000005e0      0x128 ./Drivers/STM32L4xx_HAL_Driver/Src/stm32l4xx_hal_pwr_ex.o
 .debug_aranges
                0x0000000000000708       0x90 ./Drivers/STM32L4xx_HAL_Driver/Src/stm32l4xx_hal_rcc.o

.debug_ranges   0x0000000000000000      0x6d0
 .debug_ranges  0x0000000000000000       0x38 ./Core/Src/can.o
 .debug_ranges  0x0000000000000038       0x30 ./Core/Src/main.o
 .debug_ranges  0x0000000000000068       0x20 ./Core/Src/stm32l4xx_hal_msp.o
 .debug_ranges  0x0000000000000088       0x70 ./Core/Src/stm32l4xx_it.o
 .debug_ranges  0x00000000000000f8       0x98 ./Core/Src/syscalls.o
 .debug_ranges  0x0000000000000190       0x18 ./Core/Src/system_stm32l4xx.o
 .debug_ranges  0x00000000000001a8       0x20 ./Core/Startup/startup_stm32l432kcux.o
 .debug_ranges  0x00000000000001c8       0xf8 ./Drivers/STM32L4xx_HAL_Driver/Src/stm32l4xx_hal.o
 .debug_ranges  0x00000000000002c0      0x128 ./Drivers/STM32L4xx_HAL_Driver/Src/stm32l4xx_hal_can.o
 .debug_ranges  0x00000000000003e8      0x108 ./Drivers/STM32L4xx_HAL_Driver/Src/stm32l4xx_hal_cortex.o
 .debug_ranges  0x00000000000004f0       0x48 ./Drivers/STM32L4xx_HAL_Driver/Src/stm32l4xx_hal_gpio.o
 .debug_ranges  0x0000000000000538      0x118 ./Drivers/STM32L4xx_HAL_Driver/Src/stm32l4xx_hal_pwr_ex.o
 .debug_ranges  0x0000000000000650       0x80 ./Drivers/STM32L4xx_HAL_Driver/Src/stm32l4xx_hal_rcc.o

.debug_macro    0x0000000000000000    0x20654
 .debug_macro   0x0000000000000000      0x394 ./Core/Src/can.o
 .debug_macro   0x0000000000000394      0xa78 ./Core/Src/can.o
 .debug_macro   0x0000000000000e0c       0x22 ./Core/Src/can.o
 .debug_macro   0x0000000000000e2e       0x4c ./Core/Src/can.o
 .debug_macro   0x0000000000000e7a       0x1e ./Core/Src/can.o
 .debug_macro   0x0000000000000e98       0x94 ./Core/Src/can.o
 .debug_macro   0x0000000000000f2c       0x3c ./Core/Src/can.o
 .debug_macro   0x0000000000000f68       0x34 ./Core/Src/can.o
 .debug_macro   0x0000000000000f9c       0x16 ./Core/Src/can.o
 .debug_macro   0x0000000000000fb2       0x57 ./Core/Src/can.o
 .debug_macro   0x0000000000001009       0x97 ./Core/Src/can.o
 .debug_macro   0x00000000000010a0      0x341 ./Core/Src/can.o
 .debug_macro   0x00000000000013e1       0xfd ./Core/Src/can.o
 .debug_macro   0x00000000000014de       0x10 ./Core/Src/can.o
 .debug_macro   0x00000000000014ee       0x16 ./Core/Src/can.o
 .debug_macro   0x0000000000001504       0x43 ./Core/Src/can.o
 .debug_macro   0x0000000000001547       0x34 ./Core/Src/can.o
 .debug_macro   0x000000000000157b       0x10 ./Core/Src/can.o
 .debug_macro   0x000000000000158b       0x58 ./Core/Src/can.o
 .debug_macro   0x00000000000015e3       0x71 ./Core/Src/can.o
 .debug_macro   0x0000000000001654       0x1c ./Core/Src/can.o
 .debug_macro   0x0000000000001670      0x12a ./Core/Src/can.o
 .debug_macro   0x000000000000179a       0x10 ./Core/Src/can.o
 .debug_macro   0x00000000000017aa       0x6a ./Core/Src/can.o
 .debug_macro   0x0000000000001814       0x1c ./Core/Src/can.o
 .debug_macro   0x0000000000001830       0x52 ./Core/Src/can.o
 .debug_macro   0x0000000000001882       0x22 ./Core/Src/can.o
 .debug_macro   0x00000000000018a4       0x10 ./Core/Src/can.o
 .debug_macro   0x00000000000018b4       0x52 ./Core/Src/can.o
 .debug_macro   0x0000000000001906       0xd5 ./Core/Src/can.o
 .debug_macro   0x00000000000019db       0x1c ./Core/Src/can.o
 .debug_macro   0x00000000000019f7       0x3d ./Core/Src/can.o
 .debug_macro   0x0000000000001a34       0x16 ./Core/Src/can.o
 .debug_macro   0x0000000000001a4a      0x145 ./Core/Src/can.o
 .debug_macro   0x0000000000001b8f       0x16 ./Core/Src/can.o
 .debug_macro   0x0000000000001ba5       0x35 ./Core/Src/can.o
 .debug_macro   0x0000000000001bda       0x16 ./Core/Src/can.o
 .debug_macro   0x0000000000001bf0       0x29 ./Core/Src/can.o
 .debug_macro   0x0000000000001c19       0x16 ./Core/Src/can.o
 .debug_macro   0x0000000000001c2f       0x20 ./Core/Src/can.o
 .debug_macro   0x0000000000001c4f       0x22 ./Core/Src/can.o
 .debug_macro   0x0000000000001c71       0xa0 ./Core/Src/can.o
 .debug_macro   0x0000000000001d11      0x1a7 ./Core/Src/can.o
 .debug_macro   0x0000000000001eb8       0x2e ./Core/Src/can.o
 .debug_macro   0x0000000000001ee6       0x28 ./Core/Src/can.o
 .debug_macro   0x0000000000001f0e      0x103 ./Core/Src/can.o
 .debug_macro   0x0000000000002011      0x1df ./Core/Src/can.o
 .debug_macro   0x00000000000021f0       0x1c ./Core/Src/can.o
 .debug_macro   0x000000000000220c       0x22 ./Core/Src/can.o
 .debug_macro   0x000000000000222e       0xfb ./Core/Src/can.o
 .debug_macro   0x0000000000002329     0x1011 ./Core/Src/can.o
 .debug_macro   0x000000000000333a      0x11f ./Core/Src/can.o
 .debug_macro   0x0000000000003459    0x147a6 ./Core/Src/can.o
 .debug_macro   0x0000000000017bff       0x6d ./Core/Src/can.o
 .debug_macro   0x0000000000017c6c     0x38e6 ./Core/Src/can.o
 .debug_macro   0x000000000001b552       0x56 ./Core/Src/can.o
 .debug_macro   0x000000000001b5a8     0x11ca ./Core/Src/can.o
 .debug_macro   0x000000000001c772      0x53c ./Core/Src/can.o
 .debug_macro   0x000000000001ccae      0x1b9 ./Core/Src/can.o
 .debug_macro   0x000000000001ce67      0x122 ./Core/Src/can.o
 .debug_macro   0x000000000001cf89      0x26b ./Core/Src/can.o
 .debug_macro   0x000000000001d1f4      0x23d ./Core/Src/can.o
 .debug_macro   0x000000000001d431      0x408 ./Core/Src/can.o
 .debug_macro   0x000000000001d839      0x241 ./Core/Src/can.o
 .debug_macro   0x000000000001da7a      0x375 ./Core/Src/can.o
 .debug_macro   0x000000000001ddef       0xd6 ./Core/Src/can.o
 .debug_macro   0x000000000001dec5      0x22c ./Core/Src/can.o
 .debug_macro   0x000000000001e0f1       0x61 ./Core/Src/can.o
 .debug_macro   0x000000000001e152       0xa5 ./Core/Src/can.o
 .debug_macro   0x000000000001e1f7      0x122 ./Core/Src/can.o
 .debug_macro   0x000000000001e319      0x356 ./Core/Src/can.o
 .debug_macro   0x000000000001e66f      0x220 ./Core/Src/can.o
 .debug_macro   0x000000000001e88f      0x1e1 ./Core/Src/main.o
 .debug_macro   0x000000000001ea70       0x8e ./Core/Src/main.o
 .debug_macro   0x000000000001eafe       0x51 ./Core/Src/main.o
 .debug_macro   0x000000000001eb4f      0x174 ./Core/Src/main.o
 .debug_macro   0x000000000001ecc3       0x5c ./Core/Src/main.o
 .debug_macro   0x000000000001ed1f      0x1c5 ./Core/Src/stm32l4xx_hal_msp.o
 .debug_macro   0x000000000001eee4      0x1cf ./Core/Src/stm32l4xx_it.o
 .debug_macro   0x000000000001f0b3      0x24c ./Core/Src/syscalls.o
 .debug_macro   0x000000000001f2ff       0x10 ./Core/Src/syscalls.o
 .debug_macro   0x000000000001f30f       0x10 ./Core/Src/syscalls.o
 .debug_macro   0x000000000001f31f       0x10 ./Core/Src/syscalls.o
 .debug_macro   0x000000000001f32f       0x35 ./Core/Src/syscalls.o
 .debug_macro   0x000000000001f364      0x12c ./Core/Src/syscalls.o
 .debug_macro   0x000000000001f490       0x10 ./Core/Src/syscalls.o
 .debug_macro   0x000000000001f4a0      0x241 ./Core/Src/syscalls.o
 .debug_macro   0x000000000001f6e1       0x1c ./Core/Src/syscalls.o
 .debug_macro   0x000000000001f6fd       0x10 ./Core/Src/syscalls.o
 .debug_macro   0x000000000001f70d      0x189 ./Core/Src/syscalls.o
 .debug_macro   0x000000000001f896       0x16 ./Core/Src/syscalls.o
 .debug_macro   0x000000000001f8ac       0xce ./Core/Src/syscalls.o
 .debug_macro   0x000000000001f97a      0x1bb ./Core/Src/system_stm32l4xx.o
 .debug_macro   0x000000000001fb35      0x203 ./Drivers/STM32L4xx_HAL_Driver/Src/stm32l4xx_hal.o
 .debug_macro   0x000000000001fd38      0x1c3 ./Drivers/STM32L4xx_HAL_Driver/Src/stm32l4xx_hal_can.o
 .debug_macro   0x000000000001fefb      0x1bb ./Drivers/STM32L4xx_HAL_Driver/Src/stm32l4xx_hal_cortex.o
 .debug_macro   0x00000000000200b6      0x1c2 ./Drivers/STM32L4xx_HAL_Driver/Src/stm32l4xx_hal_gpio.o
 .debug_macro   0x0000000000020278      0x1df ./Drivers/STM32L4xx_HAL_Driver/Src/stm32l4xx_hal_pwr_ex.o
 .debug_macro   0x0000000000020457      0x1fd ./Drivers/STM32L4xx_HAL_Driver/Src/stm32l4xx_hal_rcc.o

.debug_line     0x0000000000000000     0x79e2
 .debug_line    0x0000000000000000      0xac0 ./Core/Src/can.o
 .debug_line    0x0000000000000ac0      0x73f ./Core/Src/main.o
 .debug_line    0x00000000000011ff      0x6ad ./Core/Src/stm32l4xx_hal_msp.o
 .debug_line    0x00000000000018ac      0x777 ./Core/Src/stm32l4xx_it.o
 .debug_line    0x0000000000002023      0x795 ./Core/Src/syscalls.o
 .debug_line    0x00000000000027b8      0x6ec ./Core/Src/system_stm32l4xx.o
 .debug_line    0x0000000000002ea4       0x88 ./Core/Startup/startup_stm32l432kcux.o
 .debug_line    0x0000000000002f2c      0x9b1 ./Drivers/STM32L4xx_HAL_Driver/Src/stm32l4xx_hal.o
 .debug_line    0x00000000000038dd     0x10a0 ./Drivers/STM32L4xx_HAL_Driver/Src/stm32l4xx_hal_can.o
 .debug_line    0x000000000000497d      0xbeb ./Drivers/STM32L4xx_HAL_Driver/Src/stm32l4xx_hal_cortex.o
 .debug_line    0x0000000000005568      0xa3b ./Drivers/STM32L4xx_HAL_Driver/Src/stm32l4xx_hal_gpio.o
 .debug_line    0x0000000000005fa3      0xb43 ./Drivers/STM32L4xx_HAL_Driver/Src/stm32l4xx_hal_pwr_ex.o
 .debug_line    0x0000000000006ae6      0xefc ./Drivers/STM32L4xx_HAL_Driver/Src/stm32l4xx_hal_rcc.o

.debug_str      0x0000000000000000    0xbfd13
 .debug_str     0x0000000000000000    0xbc6f0 ./Core/Src/can.o
                                      0xbca25 (size before relaxing)
 .debug_str     0x00000000000bc6f0      0x323 ./Core/Src/main.o
                                      0xb8bf3 (size before relaxing)
 .debug_str     0x00000000000bca13      0x4a1 ./Core/Src/stm32l4xx_hal_msp.o
                                      0xb88d8 (size before relaxing)
 .debug_str     0x00000000000bceb4      0x12b ./Core/Src/stm32l4xx_it.o
                                      0xb83e2 (size before relaxing)
 .debug_str     0x00000000000bcfdf     0x166b ./Core/Src/syscalls.o
                                       0x8a64 (size before relaxing)
 .debug_str     0x00000000000be64a       0xf2 ./Core/Src/system_stm32l4xx.o
                                      0xb825d (size before relaxing)
 .debug_str     0x00000000000be73c       0x36 ./Core/Startup/startup_stm32l432kcux.o
                                         0x62 (size before relaxing)
 .debug_str     0x00000000000be772      0x569 ./Drivers/STM32L4xx_HAL_Driver/Src/stm32l4xx_hal.o
                                      0xb8bea (size before relaxing)
 .debug_str     0x00000000000becdb      0x3d1 ./Drivers/STM32L4xx_HAL_Driver/Src/stm32l4xx_hal_can.o
                                      0xb88e8 (size before relaxing)
 .debug_str     0x00000000000bf0ac      0x329 ./Drivers/STM32L4xx_HAL_Driver/Src/stm32l4xx_hal_cortex.o
                                      0xb898b (size before relaxing)
 .debug_str     0x00000000000bf3d5      0x164 ./Drivers/STM32L4xx_HAL_Driver/Src/stm32l4xx_hal_gpio.o
                                      0xb83d1 (size before relaxing)
 .debug_str     0x00000000000bf539      0x44e ./Drivers/STM32L4xx_HAL_Driver/Src/stm32l4xx_hal_pwr_ex.o
                                      0xb8705 (size before relaxing)
 .debug_str     0x00000000000bf987      0x38c ./Drivers/STM32L4xx_HAL_Driver/Src/stm32l4xx_hal_rcc.o
                                      0xb885d (size before relaxing)

.comment        0x0000000000000000       0x50
 .comment       0x0000000000000000       0x50 ./Core/Src/can.o
                                         0x51 (size before relaxing)
 .comment       0x0000000000000050       0x51 ./Core/Src/main.o
 .comment       0x0000000000000050       0x51 ./Core/Src/stm32l4xx_hal_msp.o
 .comment       0x0000000000000050       0x51 ./Core/Src/stm32l4xx_it.o
 .comment       0x0000000000000050       0x51 ./Core/Src/syscalls.o
 .comment       0x0000000000000050       0x51 ./Core/Src/system_stm32l4xx.o
 .comment       0x0000000000000050       0x51 ./Drivers/STM32L4xx_HAL_Driver/Src/stm32l4xx_hal.o
 .comment       0x0000000000000050       0x51 ./Drivers/STM32L4xx_HAL_Driver/Src/stm32l4xx_hal_can.o
 .comment       0x0000000000000050       0x51 ./Drivers/STM32L4xx_HAL_Driver/Src/stm32l4xx_hal_cortex.o
 .comment       0x0000000000000050       0x51 ./Drivers/STM32L4xx_HAL_Driver/Src/stm32l4xx_hal_gpio.o
 .comment       0x0000000000000050       0x51 ./Drivers/STM32L4xx_HAL_Driver/Src/stm32l4xx_hal_pwr_ex.o
 .comment       0x0000000000000050       0x51 ./Drivers/STM32L4xx_HAL_Driver/Src/stm32l4xx_hal_rcc.o

.debug_frame    0x0000000000000000     0x1dac
 .debug_frame   0x0000000000000000      0x124 ./Core/Src/can.o
 .debug_frame   0x0000000000000124       0xb4 ./Core/Src/main.o
 .debug_frame   0x00000000000001d8       0x80 ./Core/Src/stm32l4xx_hal_msp.o
 .debug_frame   0x0000000000000258      0x174 ./Core/Src/stm32l4xx_it.o
 .debug_frame   0x00000000000003cc      0x2ac ./Core/Src/syscalls.o
 .debug_frame   0x0000000000000678       0x58 ./Core/Src/system_stm32l4xx.o
 .debug_frame   0x00000000000006d0      0x3dc ./Drivers/STM32L4xx_HAL_Driver/Src/stm32l4xx_hal.o
 .debug_frame   0x0000000000000aac      0x5a0 ./Drivers/STM32L4xx_HAL_Driver/Src/stm32l4xx_hal_can.o
 .debug_frame   0x000000000000104c      0x498 ./Drivers/STM32L4xx_HAL_Driver/Src/stm32l4xx_hal_cortex.o
 .debug_frame   0x00000000000014e4      0x14c ./Drivers/STM32L4xx_HAL_Driver/Src/stm32l4xx_hal_gpio.o
 .debug_frame   0x0000000000001630      0x4a4 ./Drivers/STM32L4xx_HAL_Driver/Src/stm32l4xx_hal_pwr_ex.o
 .debug_frame   0x0000000000001ad4      0x21c ./Drivers/STM32L4xx_HAL_Driver/Src/stm32l4xx_hal_rcc.o
 .debug_frame   0x0000000000001cf0       0x20 /app/stm32cubeide/plugins/com.st.stm32cube.ide.mcu.externaltools.gnu-tools-for-stm32.10.3-2021.10.linux64_1.0.0.202111181127/tools/bin/../lib/gcc/arm-none-eabi/10.3.1/../../../../arm-none-eabi/lib/thumb/v7e-m+fp/hard/libc_nano.a(lib_a-errno.o)
 .debug_frame   0x0000000000001d10       0x28 /app/stm32cubeide/plugins/com.st.stm32cube.ide.mcu.externaltools.gnu-tools-for-stm32.10.3-2021.10.linux64_1.0.0.202111181127/tools/bin/../lib/gcc/arm-none-eabi/10.3.1/../../../../arm-none-eabi/lib/thumb/v7e-m+fp/hard/libc_nano.a(lib_a-exit.o)
 .debug_frame   0x0000000000001d38       0x2c /app/stm32cubeide/plugins/com.st.stm32cube.ide.mcu.externaltools.gnu-tools-for-stm32.10.3-2021.10.linux64_1.0.0.202111181127/tools/bin/../lib/gcc/arm-none-eabi/10.3.1/../../../../arm-none-eabi/lib/thumb/v7e-m+fp/hard/libc_nano.a(lib_a-init.o)
 .debug_frame   0x0000000000001d64       0x28 /app/stm32cubeide/plugins/com.st.stm32cube.ide.mcu.externaltools.gnu-tools-for-stm32.10.3-2021.10.linux64_1.0.0.202111181127/tools/bin/../lib/gcc/arm-none-eabi/10.3.1/../../../../arm-none-eabi/lib/thumb/v7e-m+fp/hard/libc_nano.a(lib_a-memcpy-stub.o)
 .debug_frame   0x0000000000001d8c       0x20 /app/stm32cubeide/plugins/com.st.stm32cube.ide.mcu.externaltools.gnu-tools-for-stm32.10.3-2021.10.linux64_1.0.0.202111181127/tools/bin/../lib/gcc/arm-none-eabi/10.3.1/../../../../arm-none-eabi/lib/thumb/v7e-m+fp/hard/libc_nano.a(lib_a-memset.o)
